
Attaching package: ‘dplyr’

The following objects are masked from ‘package:stats’:

    filter, lag

The following objects are masked from ‘package:base’:

    intersect, setdiff, setequal, union

=========================================
Building BHPS Dataset
=========================================

Loading BHPS household data...
  Loading BHPS wave 1 (a)...
  Loading BHPS wave 2 (b)...
  Loading BHPS wave 3 (c)...
  Loading BHPS wave 4 (d)...
  Loading BHPS wave 5 (e)...
  Loading BHPS wave 6 (f)...
  Loading BHPS wave 7 (g)...
  Loading BHPS wave 8 (h)...
  Loading BHPS wave 9 (i)...
  Loading BHPS wave 10 (j)...
  Loading BHPS wave 11 (k)...
  Loading BHPS wave 12 (l)...
  Loading BHPS wave 13 (m)...
  Loading BHPS wave 14 (n)...
  Loading BHPS wave 15 (o)...
  Loading BHPS wave 16 (p)...
  Loading BHPS wave 17 (q)...
  Loading BHPS wave 18 (r)...
There were 50 or more warnings (use warnings() to see the first 50)
  → Combined BHPS household data: 132574 observations

Loading BHPS individual data...
  Loading BHPS wave 1 (a)...
  Loading BHPS wave 2 (b)...
  Loading BHPS wave 3 (c)...
  Loading BHPS wave 4 (d)...
  Loading BHPS wave 5 (e)...
  Loading BHPS wave 6 (f)...
  Loading BHPS wave 7 (g)...
  Loading BHPS wave 8 (h)...
  Loading BHPS wave 9 (i)...
  Loading BHPS wave 10 (j)...
  Loading BHPS wave 11 (k)...
  Loading BHPS wave 12 (l)...
  Loading BHPS wave 13 (m)...
  Loading BHPS wave 14 (n)...
  Loading BHPS wave 15 (o)...
  Loading BHPS wave 16 (p)...
  Loading BHPS wave 17 (q)...
  Loading BHPS wave 18 (r)...
There were 50 or more warnings (use warnings() to see the first 50)
  → Combined BHPS individual data: 238996 observations

Merging BHPS household and individual data...
  → BHPS merged data: 238996 observations

            used   (Mb) gc trigger    (Mb)   max used    (Mb)
Ncells    794335   42.5    2463834   131.6    2463834   131.6
Vcells 780929631 5958.1 2123992887 16204.8 2123984176 16204.8
Loading UKHLS household data...
  Loading UKHLS wave 1 (a)...
  Loading UKHLS wave 2 (b)...
  Loading UKHLS wave 3 (c)...
  Loading UKHLS wave 4 (d)...
  Loading UKHLS wave 5 (e)...
  Loading UKHLS wave 6 (f)...
There were 30 warnings (use warnings() to see them)
  → Combined UKHLS household data: 163000 observations

Loading UKHLS individual data...
  Loading UKHLS wave 1 (a)...
  Loading UKHLS wave 2 (b)...
  Loading UKHLS wave 3 (c)...
  Loading UKHLS wave 4 (d)...
  Loading UKHLS wave 5 (e)...
  Loading UKHLS wave 6 (f)...
There were 50 or more warnings (use warnings() to see the first 50)
  → Combined UKHLS individual data: 292357 observations

Merging UKHLS household and individual data...
  → UKHLS merged data: 291555 observations

             used    (Mb) gc trigger    (Mb)   max used    (Mb)
Ncells     892398    47.7    2463834   131.6    2463834   131.6
Vcells 2512612649 19169.8 5285769305 40327.3 5285762898 40327.2
Combining BHPS and UKHLS datasets...
There were 50 or more warnings (use warnings() to see the first 50)
  → Combined dataset: 530551 observations

             used    (Mb)  gc trigger     (Mb)    max used    (Mb)
Ncells     910801    48.7     2463835    131.6     2463835   131.6
Vcells 4455217852 33990.7 13153280802 100351.6 10960552723 83622.4
Creating derived variables...
